../Core/Src/TraceRecorder/trcEntryTable.c:393:20:prvEntryIndexInitialize	0	static
../Core/Src/TraceRecorder/trcEntryTable.c:407:20:prvEntryIndexTake	0	static
../Core/Src/TraceRecorder/trcEntryTable.c:37:13:xTraceEntryIndexTableInitialize	8	static
../Core/Src/TraceRecorder/trcEntryTable.c:47:13:xTraceEntryTableInitialize	4	static
../Core/Src/TraceRecorder/trcEntryTable.c:78:13:xTraceEntryCreate	32	static,ignoring_inline_asm
../Core/Src/TraceRecorder/trcEntryTable.c:125:13:xTraceEntryDelete	0	static,ignoring_inline_asm
../Core/Src/TraceRecorder/trcEntryTable.c:166:13:xTraceEntryFind	4	static
../Core/Src/TraceRecorder/trcEntryTable.c:195:13:xTraceEntrySetSymbol	16	static
../Core/Src/TraceRecorder/trcEntryTable.c:230:13:xTraceEntryGetCount	0	static
../Core/Src/TraceRecorder/trcEntryTable.c:243:13:xTraceEntryGetAtIndex	0	static
