../Core/Src/main.c:799:13:MX_GPIO_Init	64	static
../Core/Src/main.c:775:13:MX_DMA_Init	16	static
../Core/Src/main.c:878:6:sensorTask	48	static
../Core/Src/main.c:932:6:naviTask	72	static
../Core/Src/main.c:1001:6:controlTask	56	static
../Core/Src/main.c:1077:6:lcdTask	96	static
../Core/Src/main.c:1121:6:HAL_TIM_PeriodElapsedCallback	8	static
../Core/Src/main.c:1139:6:Error_Handler	0	static,ignoring_inline_asm
../Core/Src/main.c:742:13:MX_USART2_UART_Init	8	static
../Core/Src/main.c:365:13:MX_I2C1_Init	8	static
../Core/Src/main.c:501:13:MX_TIM1_Init	112	static
../Core/Src/main.c:585:13:MX_TIM2_Init	64	static
../Core/Src/main.c:644:13:MX_TIM3_Init	56	static
../Core/Src/main.c:693:13:MX_TIM4_Init	56	static
../Core/Src/main.c:413:13:MX_I2C2_Init	8	static
../Core/Src/main.c:461:13:MX_SPI3_Init	8	static
../Core/Src/main.c:310:6:SystemClock_Config	160	static
../Core/Src/main.c:166:5:main	24	static
