../Core/Src/stm32f3xx_hal_msp.c:70:6:HAL_MspInit	16	static
../Core/Src/stm32f3xx_hal_msp.c:95:6:HAL_I2C_MspInit	72	static
../Core/Src/stm32f3xx_hal_msp.c:225:6:HAL_I2C_MspDeInit	8	static
../Core/Src/stm32f3xx_hal_msp.c:289:6:HAL_SPI_MspInit	40	static
../Core/Src/stm32f3xx_hal_msp.c:327:6:HAL_SPI_MspDeInit	8	static
../Core/Src/stm32f3xx_hal_msp.c:357:6:HAL_TIM_Base_MspInit	8	static
../Core/Src/stm32f3xx_hal_msp.c:390:6:HAL_TIM_Encoder_MspInit	48	static
../Core/Src/stm32f3xx_hal_msp.c:444:6:HAL_TIM_MspPostInit	40	static
../Core/Src/stm32f3xx_hal_msp.c:497:6:HAL_TIM_Base_MspDeInit	0	static
../Core/Src/stm32f3xx_hal_msp.c:530:6:HAL_TIM_Encoder_MspDeInit	8	static
../Core/Src/stm32f3xx_hal_msp.c:577:6:HAL_UART_MspInit	40	static
../Core/Src/stm32f3xx_hal_msp.c:614:6:HAL_UART_MspDeInit	8	static
